[   36152ms] [WARNING] Warning: Missing `Description` or `aria-describedby={undefined}` for {DialogContent}. @ http://localhost:3000/_next/static/chunks/cb241_next_dist_b8f2f0e9._.js:2287
[   36154ms] [WARNING] Warning: Missing `Description` or `aria-describedby={undefined}` for {DialogContent}. @ http://localhost:3000/_next/static/chunks/cb241_next_dist_b8f2f0e9._.js:2287
[   36160ms] [WARNING] Blocked aria-hidden on an element because its descendant retained focus. The focus must not be hidden from assistive technology users. Avoid using aria-hidden on a focused element or its ancestor. Consider using the inert attribute instead, which will also prevent focus. For more details, see the aria-hidden section of the WAI-ARIA specification at https://w3c.github.io/aria/#aria-hidden.
Element with focus: <button.inline-flex items-center justify-center gap-2 whitespace-nowrap rounded-md text-sm font-medium transition-all disabled:pointer-events-none disabled:opacity-50 [&_svg]:pointer-events-none [&_svg:not([class*='size-'])]:size-4 shrink-0 [&_svg]:shrink-0 outline-none focus-visible:border-ring focus-visible:ring-ring/50 focus-visible:ring-[3px] aria-invalid:ring-destructive/20 dark:aria-invalid:ring-destructive/40 aria-invalid:border-destructive hover:bg-accent hover:text-accent-foreground dark:hover:bg-accent/50 size-9 relative>
Ancestor with aria-hidden: <div.flex flex-col min-w-0 h-full relative> @ http://localhost:3000/export/d1a8c4ef-1d76-4850-909e-54f9c6b6afb0:0
[   48671ms] [WARNING] Warning: Missing `Description` or `aria-describedby={undefined}` for {DialogContent}. @ http://localhost:3000/_next/static/chunks/cb241_next_dist_b8f2f0e9._.js:2287
[   48672ms] [WARNING] Warning: Missing `Description` or `aria-describedby={undefined}` for {DialogContent}. @ http://localhost:3000/_next/static/chunks/cb241_next_dist_b8f2f0e9._.js:2287
[   48680ms] [WARNING] Blocked aria-hidden on an element because its descendant retained focus. The focus must not be hidden from assistive technology users. Avoid using aria-hidden on a focused element or its ancestor. Consider using the inert attribute instead, which will also prevent focus. For more details, see the aria-hidden section of the WAI-ARIA specification at https://w3c.github.io/aria/#aria-hidden.
Element with focus: <button.inline-flex items-center justify-center gap-2 whitespace-nowrap rounded-md text-sm font-medium transition-all disabled:pointer-events-none disabled:opacity-50 [&_svg]:pointer-events-none [&_svg:not([class*='size-'])]:size-4 shrink-0 [&_svg]:shrink-0 outline-none focus-visible:border-ring focus-visible:ring-ring/50 focus-visible:ring-[3px] aria-invalid:ring-destructive/20 dark:aria-invalid:ring-destructive/40 aria-invalid:border-destructive hover:bg-accent hover:text-accent-foreground dark:hover:bg-accent/50 size-9 relative>
Ancestor with aria-hidden: <div.flex flex-col min-w-0 h-full relative> @ http://localhost:3000/export/d1a8c4ef-1d76-4850-909e-54f9c6b6afb0:0
[ 2288550ms] [ERROR] ./src/components/export/chat-export-popup.tsx:62:1
Parsing ecmascript source code failed
  60 |         });
  61 |         window.open(link, "_blank");
> 62 | >>>>>>> 266f245 (feat(cn): add share icon to chat header + fix share behavior)
     | ^^^^^^^
  63 |         handleOpenChange(false);
  64 |       })
  65 |       .ifFail((error) => {

Merge conflict marker encountered.

Import traces:
  #1 [Client Component Browser]:
    ./src/components/export/chat-export-popup.tsx [Client Component Browser]
    ./src/components/layouts/app-header.tsx [Client Component Browser]
    ./src/components/layouts/app-header.tsx [Server Component]
    ./src/app/(chat)/layout.tsx [Server Component]

  #2 [Client Component SSR]:
    ./src/components/export/chat-export-popup.tsx [Client Component SSR]
    ./src/components/layouts/app-header.tsx [Client Component SSR]
    ./src/components/layouts/app-header.tsx [Server Component]
    ./src/app/(chat)/layout.tsx [Server Component]

  #3 [Client Component SSR]:
    ./src/components/export/chat-export-popup.tsx [Client Component SSR]
    ./src/components/prompt-input.tsx [Client Component SSR]
    ./src/components/chat-bot.tsx [Client Component SSR]
    ./src/components/chat-bot.tsx [Server Component]
    ./src/app/(chat)/page.tsx [Server Component] @ http://localhost:3000/_next/static/chunks/cb241_next_dist_b8f2f0e9._.js:3117
[ 2300265ms] [ERROR] ./src/components/export/chat-export-popup.tsx:62:1
Parsing ecmascript source code failed
  60 |         });
  61 |         window.open(link, "_blank");
> 62 | >>>>>>> 266f245 (feat(cn): add share icon to chat header + fix share behavior)
     | ^^^^^^^
  63 |         handleOpenChange(false);
  64 |       })
  65 |       .ifFail((error) => {

Merge conflict marker encountered.

Import traces:
  #1 [Client Component Browser]:
    ./src/components/export/chat-export-popup.tsx [Client Component Browser]
    ./src/components/layouts/app-header.tsx [Client Component Browser]
    ./src/components/layouts/app-header.tsx [Server Component]
    ./src/app/(chat)/layout.tsx [Server Component]

  #2 [Client Component SSR]:
    ./src/components/export/chat-export-popup.tsx [Client Component SSR]
    ./src/components/layouts/app-header.tsx [Client Component SSR]
    ./src/components/layouts/app-header.tsx [Server Component]
    ./src/app/(chat)/layout.tsx [Server Component]

  #3 [Client Component SSR]:
    ./src/components/export/chat-export-popup.tsx [Client Component SSR]
    ./src/components/prompt-input.tsx [Client Component SSR]
    ./src/components/chat-bot.tsx [Client Component SSR]
    ./src/components/chat-bot.tsx [Server Component]
    ./src/app/(chat)/page.tsx [Server Component] @ http://localhost:3000/_next/static/chunks/cb241_next_dist_b8f2f0e9._.js:3117
