[  126733ms] network error
[  809224ms] ReferenceError: UploadIcon is not defined
    at PromptInput (http://localhost:3000/_next/static/chunks/src_components_prompt-input_tsx_53931338._.js?id=%255Bproject%255D%252Fsrc%252Fcomponents%252Fprompt-input.tsx+%255Bapp-client%255D+%2528ecmascript%2529:614:496)
    at Object.react_stack_bottom_frame (http://localhost:3000/_next/static/chunks/0f4a1_dist_compiled_react-dom-experimental_cjs_react-dom-client_development_425843b3.js:15586:24)
    at renderWithHooks (http://localhost:3000/_next/static/chunks/0f4a1_dist_compiled_react-dom-experimental_cjs_react-dom-client_development_425843b3.js:4504:24)
    at updateFunctionComponent (http://localhost:3000/_next/static/chunks/0f4a1_dist_compiled_react-dom-experimental_cjs_react-dom-client_development_425843b3.js:6009:21)
    at beginWork (http://localhost:3000/_next/static/chunks/0f4a1_dist_compiled_react-dom-experimental_cjs_react-dom-client_development_425843b3.js:6601:24)
    at runWithFiberInDEV (http://localhost:3000/_next/static/chunks/0f4a1_dist_compiled_react-dom-experimental_cjs_react-dom-client_development_425843b3.js:758:74)
    at performUnitOfWork (http://localhost:3000/_next/static/chunks/0f4a1_dist_compiled_react-dom-experimental_cjs_react-dom-client_development_425843b3.js:9776:97)
    at workLoopSync (http://localhost:3000/_next/static/chunks/0f4a1_dist_compiled_react-dom-experimental_cjs_react-dom-client_development_425843b3.js:9670:40)
    at renderRootSync (http://localhost:3000/_next/static/chunks/0f4a1_dist_compiled_react-dom-experimental_cjs_react-dom-client_development_425843b3.js:9654:13)
    at performWorkOnRoot (http://localhost:3000/_next/static/chunks/0f4a1_dist_compiled_react-dom-experimental_cjs_react-dom-client_development_425843b3.js:9271:47)
    at performSyncWorkOnRoot (http://localhost:3000/_next/static/chunks/0f4a1_dist_compiled_react-dom-experimental_cjs_react-dom-client_development_425843b3.js:10661:9)
    at flushSyncWorkAcrossRoots_impl (http://localhost:3000/_next/static/chunks/0f4a1_dist_compiled_react-dom-experimental_cjs_react-dom-client_development_425843b3.js:10560:336)
    at flushSyncWork$1 (http://localhost:3000/_next/static/chunks/0f4a1_dist_compiled_react-dom-experimental_cjs_react-dom-client_development_425843b3.js:9403:86)
    at Object.scheduleRefresh (http://localhost:3000/_next/static/chunks/0f4a1_dist_compiled_react-dom-experimental_cjs_react-dom-client_development_425843b3.js:82:13)
    at http://localhost:3000/_next/static/chunks/cb241_next_dist_compiled_03b9ead5._.js:391:33
    at Set.forEach (<anonymous>)
    at Object.performReactRefresh (http://localhost:3000/_next/static/chunks/cb241_next_dist_compiled_03b9ead5._.js:384:38)
    at applyUpdate (http://localhost:3000/_next/static/chunks/cb241_next_dist_compiled_03b9ead5._.js:878:31)
    at http://localhost:3000/_next/static/chunks/cb241_next_dist_compiled_03b9ead5._.js:886:13
[  810029ms] [WARNING] [Fast Refresh] performing full reload because your application had an unrecoverable error @ http://localhost:3000/_next/static/chunks/cb241_next_dist_b8f2f0e9._.js:2287
[  810146ms] ReferenceError: UploadIcon is not defined
    at PromptInput (http://localhost:3000/_next/static/chunks/src_components_prompt-input_tsx_53931338._.js?id=%255Bproject%255D%252Fsrc%252Fcomponents%252Fprompt-input.tsx+%255Bapp-client%255D+%2528ecmascript%2529:614:496)
    at Object.react_stack_bottom_frame (http://localhost:3000/_next/static/chunks/0f4a1_dist_compiled_react-dom-experimental_cjs_react-dom-client_development_425843b3.js:15586:24)
    at renderWithHooks (http://localhost:3000/_next/static/chunks/0f4a1_dist_compiled_react-dom-experimental_cjs_react-dom-client_development_425843b3.js:4504:24)
    at updateFunctionComponent (http://localhost:3000/_next/static/chunks/0f4a1_dist_compiled_react-dom-experimental_cjs_react-dom-client_development_425843b3.js:6009:21)
    at beginWork (http://localhost:3000/_next/static/chunks/0f4a1_dist_compiled_react-dom-experimental_cjs_react-dom-client_development_425843b3.js:6601:24)
    at runWithFiberInDEV (http://localhost:3000/_next/static/chunks/0f4a1_dist_compiled_react-dom-experimental_cjs_react-dom-client_development_425843b3.js:758:74)
    at performUnitOfWork (http://localhost:3000/_next/static/chunks/0f4a1_dist_compiled_react-dom-experimental_cjs_react-dom-client_development_425843b3.js:9776:97)
    at workLoopSync (http://localhost:3000/_next/static/chunks/0f4a1_dist_compiled_react-dom-experimental_cjs_react-dom-client_development_425843b3.js:9670:40)
    at renderRootSync (http://localhost:3000/_next/static/chunks/0f4a1_dist_compiled_react-dom-experimental_cjs_react-dom-client_development_425843b3.js:9654:13)
    at performWorkOnRoot (http://localhost:3000/_next/static/chunks/0f4a1_dist_compiled_react-dom-experimental_cjs_react-dom-client_development_425843b3.js:9271:47)
    at performSyncWorkOnRoot (http://localhost:3000/_next/static/chunks/0f4a1_dist_compiled_react-dom-experimental_cjs_react-dom-client_development_425843b3.js:10661:9)
    at flushSyncWorkAcrossRoots_impl (http://localhost:3000/_next/static/chunks/0f4a1_dist_compiled_react-dom-experimental_cjs_react-dom-client_development_425843b3.js:10560:336)
    at flushSyncWork$1 (http://localhost:3000/_next/static/chunks/0f4a1_dist_compiled_react-dom-experimental_cjs_react-dom-client_development_425843b3.js:9403:86)
    at Object.scheduleRefresh (http://localhost:3000/_next/static/chunks/0f4a1_dist_compiled_react-dom-experimental_cjs_react-dom-client_development_425843b3.js:82:13)
    at http://localhost:3000/_next/static/chunks/cb241_next_dist_compiled_03b9ead5._.js:391:33
    at Set.forEach (<anonymous>)
    at Object.performReactRefresh (http://localhost:3000/_next/static/chunks/cb241_next_dist_compiled_03b9ead5._.js:384:38)
    at applyUpdate (http://localhost:3000/_next/static/chunks/cb241_next_dist_compiled_03b9ead5._.js:878:31)
    at http://localhost:3000/_next/static/chunks/cb241_next_dist_compiled_03b9ead5._.js:886:13
[  811995ms] ReferenceError: UploadIcon is not defined
    at PromptInput (http://localhost:3000/_next/static/chunks/src_components_prompt-input_tsx_53931338._.js:615:496)
    at Object.react_stack_bottom_frame (http://localhost:3000/_next/static/chunks/0f4a1_dist_compiled_react-dom-experimental_cjs_react-dom-client_development_425843b3.js:15586:24)
    at renderWithHooks (http://localhost:3000/_next/static/chunks/0f4a1_dist_compiled_react-dom-experimental_cjs_react-dom-client_development_425843b3.js:4504:24)
    at updateFunctionComponent (http://localhost:3000/_next/static/chunks/0f4a1_dist_compiled_react-dom-experimental_cjs_react-dom-client_development_425843b3.js:6009:21)
    at beginWork (http://localhost:3000/_next/static/chunks/0f4a1_dist_compiled_react-dom-experimental_cjs_react-dom-client_development_425843b3.js:6601:24)
    at runWithFiberInDEV (http://localhost:3000/_next/static/chunks/0f4a1_dist_compiled_react-dom-experimental_cjs_react-dom-client_development_425843b3.js:758:74)
    at performUnitOfWork (http://localhost:3000/_next/static/chunks/0f4a1_dist_compiled_react-dom-experimental_cjs_react-dom-client_development_425843b3.js:9776:97)
    at workLoopSync (http://localhost:3000/_next/static/chunks/0f4a1_dist_compiled_react-dom-experimental_cjs_react-dom-client_development_425843b3.js:9670:40)
    at renderRootSync (http://localhost:3000/_next/static/chunks/0f4a1_dist_compiled_react-dom-experimental_cjs_react-dom-client_development_425843b3.js:9654:13)
    at performWorkOnRoot (http://localhost:3000/_next/static/chunks/0f4a1_dist_compiled_react-dom-experimental_cjs_react-dom-client_development_425843b3.js:9271:47)
    at performWorkOnRootViaSchedulerTask (http://localhost:3000/_next/static/chunks/0f4a1_dist_compiled_react-dom-experimental_cjs_react-dom-client_development_425843b3.js:10653:9)
    at MessagePort.performWorkUntilDeadline (http://localhost:3000/_next/static/chunks/cb241_next_dist_compiled_03b9ead5._.js:2678:64)
[  814915ms] [WARNING] [Fast Refresh] performing full reload because your application had an unrecoverable error @ http://localhost:3000/_next/static/chunks/cb241_next_dist_b8f2f0e9._.js:2287
[  815705ms] [WARNING] [Fast Refresh] performing full reload because your application had an unrecoverable error @ http://localhost:3000/_next/static/chunks/cb241_next_dist_b8f2f0e9._.js:2287
